C51 COMPILER V9.56.0.0   DEVICE                                                            08/02/2025 13:41:02 PAGE 1   


C51 COMPILER V9.56.0.0, COMPILATION OF MODULE DEVICE
OBJECT MODULE PLACED IN .\Objects\Device.obj
COMPILER INVOKED BY: D:\keil c51v956\C51\BIN\C51.EXE Library\Device\Device.c OPTIMIZE(8,SPEED) BROWSE INCDIR(.\Library\S
                    -ystem;.\Library\Device) DEBUG OBJECTEXTEND PRINT(.\Listings\Device.lst) OBJECT(.\Objects\Device.obj)

line level    source

   1          #include "Device.h"
   2          
   3          void vDevice_Ctrl(unsigned char p2data,unsigned char p0data)
   4          {
   5   1              P0 = p0data;
   6   1              P2 = p2data;
   7   1              P2 = 0;
   8   1      }


MODULE INFORMATION:   STATIC OVERLAYABLE
   CODE SIZE        =      8    ----
   CONSTANT SIZE    =   ----    ----
   XDATA SIZE       =   ----    ----
   PDATA SIZE       =   ----    ----
   DATA SIZE        =   ----    ----
   IDATA SIZE       =   ----    ----
   BIT SIZE         =   ----    ----
END OF MODULE INFORMATION.


C51 COMPILATION COMPLETE.  0 WARNING(S),  0 ERROR(S)
