C51 COMPILER V9.56.0.0   MAIN                                                              04/10/2026 12:29:38 PAGE 1   


C51 COMPILER V9.56.0.0, COMPILATION OF MODULE MAIN
OBJECT MODULE PLACED IN .\Objects\main.obj
COMPILER INVOKED BY: D:\keil c51v956\C51\BIN\C51.EXE main.c OPTIMIZE(8,SPEED) BROWSE INCDIR(.\library\device;.\library\s
                    -ystem) DEBUG OBJECTEXTEND PRINT(.\Listings\main.lst) OBJECT(.\Objects\main.obj)

line level    source

   1          #include "system.h"
   2          
   3          void vSystem_Init()
   4          {
   5   1              vP2P0_Ctrl(0x80,0xff);
   6   1              vP2P0_Ctrl(0xa0,0x00);
   7   1              vP2P0_Ctrl(0xe0,0xff);
   8   1      }
   9          
  10          u8 cnt_temp,read_temp;
  11          void vDS18B20_Proc()
  12          {
  13   1              if(cnt_temp>=100)
  14   1              {
  15   2                      cnt_temp=0;
  16   2                      read_temp=ucTemp_Read();
  17   2              }
  18   1      }
  19          
  20          u8 ch1,cnt_adc,ch1_0_5;
  21          void vADC_Proc()
  22          {
  23   1              if(cnt_adc>=10)
  24   1              {
  25   2                      cnt_adc=0;
  26   2                      ch1=ucRead_ADC(0x41);
  27   2                      ch1_0_5=ch1/51;
  28   2              }
  29   1      }
  30          
  31          u8 cnt_sonic;
  32          u16 dist_val;
  33          void vSonic_Proc()
  34          {
  35   1              if(cnt_sonic>=100)
  36   1              {
  37   2                      cnt_sonic=0;
  38   2                      dist_val=ucDistance_Get_PAC();
  39   2              }
  40   1      }
  41          
  42          u8 cnt_kbd,kbd_val,kbd_add,kbd_long;
  43          void vKBD_Proc()
  44          {
  45   1              if(cnt_kbd>=10)
  46   1              {
  47   2                      cnt_kbd=0;
  48   2                      kbd_val=ucKbd_Keyio_Read();
  49   2                      kbd_long=ucKbd_Keyio_state();
  50   2                      if(kbd_val)
  51   2                              kbd_add++;
  52   2              }
  53   1      }
  54          
C51 COMPILER V9.56.0.0   MAIN                                                              04/10/2026 12:29:38 PAGE 2   

  55          u16 ne5_cnt,ne5_val;
  56          void vNE555_Proc()
  57          {
  58   1              ne5_cnt++;
  59   1              if(ne5_cnt>=1000)
  60   1              {
  61   2                      ne5_cnt=0;
  62   2                      ne5_val=(TH0<<8)|TL0;
  63   2                      TH0=0;
  64   2                      TL0=0;
  65   2              }
  66   1      }
  67          
  68          u8 cnt_dac;
  69          void vDAC_Proc()
  70          {
  71   1              static u8 dac_val=0;
  72   1              if(cnt_dac>=2)
  73   1              {
  74   2                      cnt_dac=0;
  75   2                      vWrite_DAC(dac_val++);
  76   2              }
  77   1      }
  78          
  79          u8 hour,minute,second;
  80          void vDs1302_Proc()
  81          {
  82   1              hour=bcdtodec(Read_Ds1302_Byte(0x85));
  83   1              minute=bcdtodec(Read_Ds1302_Byte(0x83));
  84   1              second=bcdtodec(Read_Ds1302_Byte(0x81));
  85   1      }
  86          
  87          u8 cnt_btn,key_val,s4;
  88          void vBTN_Proc()
  89          {
  90   1              if(cnt_btn>=10)
  91   1              {
  92   2                      cnt_btn=0;
  93   2                      key_val=vBTN_State_Read();
  94   2                      if(key_val==4)
  95   2                              s4++;
  96   2              }
  97   1              
  98   1      }
  99          
 100          u8 kj_val;
 101          void vAT24C02_Proc()
 102          {
 103   1              kj_val=ucAT24C02_Read(0x28);
 104   1              vAT24C02_Write(0x28,++kj_val);
 105   1      }
 106          
 107          void vUartRX_Proc()
 108          {
 109   1              if(rx_flag==1)
 110   1              {
 111   2                      rx_flag=0;
 112   2                      vP2P0_Ctrl(0x80,rx_buf[0]);
 113   2                      vP2P0_Ctrl(0xa0,rx_buf[1]);
 114   2              }
 115   1      }
 116          
C51 COMPILER V9.56.0.0   MAIN                                                              04/10/2026 12:29:38 PAGE 3   

 117          void vSmg_Proc()
 118          {
 119   1              smg_buf[0]=smg_code[hour/10%10];
 120   1              smg_buf[1]=smg_code[hour%10];
 121   1              smg_buf[2]=smg_code[minute/10%10];
 122   1              smg_buf[3]=smg_code[minute%10];
 123   1              smg_buf[4]=smg_code[second/10%10];
 124   1              smg_buf[5]=smg_code[second%10];
 125   1              smg_buf[6]=smg_code[kj_val/10];
 126   1              smg_buf[7]=smg_code[kj_val%10];
 127   1      }
 128          
 129          void main()
 130          {
 131   1              u8 uart_dat=1;
 132   1              vSystem_Init();
 133   1              Timer2Init();
 134   1              vCounter0_Init();
 135   1              vClock_init(23,55,11);
 136   1              vAT24C02_Proc();
 137   1              UartInit();
 138   1              SendString("Hhhhh\r\n");
 139   1              SendData(uart_dat+'0');
 140   1              
 141   1              while((u8)ucTemp_Read()==85) ;
 142   1              
 143   1              while(1)
 144   1              {
 145   2                      vSmg_Proc();
 146   2                      vDS18B20_Proc();
 147   2                      vADC_Proc();
 148   2                      vSonic_Proc();
 149   2                      vKBD_Proc();
 150   2                      vDAC_Proc();
 151   2                      vDs1302_Proc();
 152   2                      vBTN_Proc();
 153   2                      vUartRX_Proc();
 154   2              }
 155   1              
 156   1      }
 157          
 158          void vTimer2_init() interrupt 12
 159          {
 160   1              vSmg_Disp();
 161   1              cnt_temp++;
 162   1              cnt_adc++;
 163   1              cnt_sonic++;
 164   1              cnt_kbd++;
 165   1              vNE555_Proc();
 166   1              cnt_dac++;
 167   1              cnt_btn++;
 168   1              vRXkx_time();
 169   1      }


MODULE INFORMATION:   STATIC OVERLAYABLE
   CODE SIZE        =    601    ----
   CONSTANT SIZE    =      8    ----
   XDATA SIZE       =   ----    ----
   PDATA SIZE       =   ----    ----
   DATA SIZE        =     25       1
   IDATA SIZE       =   ----    ----
C51 COMPILER V9.56.0.0   MAIN                                                              04/10/2026 12:29:38 PAGE 4   

   BIT SIZE         =   ----    ----
END OF MODULE INFORMATION.


C51 COMPILATION COMPLETE.  0 WARNING(S),  0 ERROR(S)
