C51 COMPILER V9.56.0.0   MAIN                                                              04/11/2026 19:56:52 PAGE 1   


C51 COMPILER V9.56.0.0, COMPILATION OF MODULE MAIN
OBJECT MODULE PLACED IN .\Objects\main.obj
COMPILER INVOKED BY: D:\keil c51v956\C51\BIN\C51.EXE main.c OPTIMIZE(8,SPEED) BROWSE INCDIR(.\library\device;.\library\s
                    -ystem) DEBUG OBJECTEXTEND PRINT(.\Listings\main.lst) OBJECT(.\Objects\main.obj)

line level    source

   1          #include "system.h"
   2          
   3          void system_init()
   4          {
   5   1              P2P0_ctrl(0xa0,0);
   6   1              P2P0_ctrl(0x80,0xff);
   7   1      }
   8          
   9          u16 temperature;
  10          u8 cnt_temp;
  11          void ds18b20_read()
  12          {
  13   1              if(cnt_temp>=100)
  14   1              {
  15   2                      cnt_temp=0;
  16   2                      temperature=(u16)(rd_temperature()*100);
  17   2              }
  18   1      }
  19          
  20          u8 temp_setting=25;
  21          u8 temp_comparing=25;
  22          u8 cnt_dac;
  23          u8 dac_val;
  24          u16 dac_disp;
  25          u8 dac_mode;
  26          void dac_process()
  27          {
  28   1              if(cnt_dac>=10)
  29   1              {
  30   2                      cnt_dac=0;
  31   2                      if(dac_mode==0)
  32   2                      {
  33   3                              if(temperature<(temp_comparing*100))
  34   3                                      dac_val=0;
  35   3                              else
  36   3                                      dac_val=0xff;                   
  37   3                      }
  38   2                      else
  39   2                      {
  40   3                              if(temperature<=2000)
  41   3                                      dac_val=51;
  42   3                              else if(temperature>=4000)
  43   3                                      dac_val=204;
  44   3                              else
  45   3                                      dac_val=(u8)(7.65*temperature/100-102);
  46   3                      }
  47   2                      write_dac(dac_val);
  48   2                      dac_disp=dac_val*100/51;
  49   2              }
  50   1      }
  51          
  52          u8 seg_disp_mode;
  53          u8 cnt_kbd;
  54          u8 key_val;
C51 COMPILER V9.56.0.0   MAIN                                                              04/11/2026 19:56:52 PAGE 2   

  55          void kbd_proc()
  56          {
  57   1              if(cnt_kbd>=10)
  58   1              {
  59   2                      cnt_kbd=0;
  60   2                      key_val=kbd_read_state();
  61   2                              if(key_val==4)
  62   2                              {
  63   3                                      seg_disp_mode=(seg_disp_mode+1)%3;
  64   3                                      if(seg_disp_mode==2)
  65   3                                              temp_comparing=temp_setting;
  66   3                              }
  67   2                              if(key_val==8)
  68   2                              {
  69   3                                      if(seg_disp_mode==1)
  70   3                                              if(temp_setting>0)
  71   3                                              temp_setting--;
  72   3                              }
  73   2                              if(key_val==9)
  74   2                              {
  75   3                                      if(seg_disp_mode==1)
  76   3                                              if(temp_setting<100)
  77   3                                              temp_setting++;
  78   3                              }
  79   2                              if(key_val==5)
  80   2                              {
  81   3                                      dac_mode=(dac_mode+1)%2;
  82   3                              }
  83   2              }
  84   1      }
  85          
  86          u8 led_ctrl=0xff;
  87          void led_proc()
  88          {
  89   1              if(dac_mode==0)
  90   1                      led_ctrl&=~0x01;
  91   1              else
  92   1                      led_ctrl |=0x01;
  93   1              if(seg_disp_mode==0)
  94   1                      led_ctrl &=~0x02;
  95   1              else
  96   1                      led_ctrl|=0x02;
  97   1              if(seg_disp_mode==1)
  98   1                      led_ctrl &=~0x04;
  99   1              else
 100   1                      led_ctrl|=0x04;
 101   1              if(seg_disp_mode==2)
 102   1                      led_ctrl &=~0x08;
 103   1              else
 104   1                      led_ctrl |=0x08;
 105   1              P2P0_ctrl(0x80,led_ctrl);
 106   1      }
 107          
 108          void smg_process()
 109          {
 110   1              if(seg_disp_mode==0)
 111   1              {
 112   2                      smg_buf[0]=smg_code[10];
 113   2                      smg_buf[1]=0x00;
 114   2                      smg_buf[2]=0x00;
 115   2                      smg_buf[3]=0x00;
 116   2                      smg_buf[4]=smg_code[temperature/1000];
C51 COMPILER V9.56.0.0   MAIN                                                              04/11/2026 19:56:52 PAGE 3   

 117   2                      smg_buf[5]=smg_code[temperature/100%10]|0x80;
 118   2                      smg_buf[6]=smg_code[temperature/10%10];
 119   2                      smg_buf[7]=smg_code[temperature%10];            
 120   2              }
 121   1              if(seg_disp_mode==1)
 122   1              {
 123   2                      smg_buf[0]=smg_code[11];
 124   2                      smg_buf[1]=0x00;
 125   2                      smg_buf[2]=0x00;
 126   2                      smg_buf[3]=0x00;
 127   2                      smg_buf[4]=0x00;
 128   2                      smg_buf[5]=0x00;
 129   2                      smg_buf[6]=smg_code[temp_setting/10];
 130   2                      smg_buf[7]=smg_code[temp_setting%10];                   
 131   2              }
 132   1              if(seg_disp_mode==2)
 133   1              {
 134   2                      smg_buf[0]=smg_code[12];
 135   2                      smg_buf[1]=0x00;
 136   2                      smg_buf[2]=0x00;
 137   2                      smg_buf[3]=0x00;
 138   2                      smg_buf[4]=0x00;
 139   2                      smg_buf[5]=smg_code[dac_disp/100]|0x80; 
 140   2                      smg_buf[6]=smg_code[dac_disp/10%10];
 141   2                      smg_buf[7]=smg_code[dac_disp%10];                               
 142   2              }
 143   1      }
 144          
 145          void main()
 146          {
 147   1              system_init();
 148   1              Timer2Init();
 149   1              while((u8)(rd_temperature())==85);
 150   1              
 151   1              while(1)
 152   1              {
 153   2                      smg_process();
 154   2                      ds18b20_read();
 155   2                      kbd_proc();
 156   2                      dac_process();
 157   2              }
 158   1      }
 159          
 160          void t2int() interrupt 12
 161          {
 162   1              cnt_kbd++;
 163   1              smg_disp();
 164   1              cnt_temp++;
 165   1              cnt_dac++;
 166   1              led_proc();
 167   1      }


MODULE INFORMATION:   STATIC OVERLAYABLE
   CODE SIZE        =    669    ----
   CONSTANT SIZE    =   ----    ----
   XDATA SIZE       =   ----    ----
   PDATA SIZE       =   ----    ----
   DATA SIZE        =     14    ----
   IDATA SIZE       =   ----    ----
   BIT SIZE         =   ----    ----
END OF MODULE INFORMATION.

C51 COMPILER V9.56.0.0   MAIN                                                              04/11/2026 19:56:52 PAGE 4   


C51 COMPILATION COMPLETE.  0 WARNING(S),  0 ERROR(S)
